warning: profiles for the non root package will be ignored, specify profiles at the workspace root:
package:   /home/jrad/RustroverProjects/redoxos/drivers/nvme-core/Cargo.toml
workspace: /home/jrad/RustroverProjects/redoxos/drivers/Cargo.toml
warning: profiles for the non root package will be ignored, specify profiles at the workspace root:
package:   /home/jrad/RustroverProjects/redoxos/drivers/nvme-driver/Cargo.toml
workspace: /home/jrad/RustroverProjects/redoxos/drivers/Cargo.toml
warning: virtual workspace defaulting to `resolver = "1"` despite one or more workspace members being on edition 2024 which implies `resolver = "3"`
note: to keep the current resolver, specify `workspace.resolver = "1"` in the workspace root's manifest
note: to use the edition 2024 resolver, specify `workspace.resolver = "3"` in the workspace root's manifest
note: for more details see https://doc.rust-lang.org/cargo/reference/resolver.html#resolver-versions
warning: /home/jrad/RustroverProjects/redoxos/drivers/nvme-driver/Cargo.toml: unused manifest key: profile.release.pcid
warning: Patch `mio v0.6.14 (https://gitlab.redox-os.org/redox-os/mio.git?branch=redox-unix#c9a70849)` was not used in the crate graph.
Check that the patched package version and available features are compatible
with the dependency requirements. If the patch has a different version from
what is locked in the Cargo.lock file, run `cargo update` to use the new
version. This may also occur with an optional dependency that is not enabled.
warning: unused import: `libredox::error::Error as LError`
 --> /home/jrad/RustroverProjects/redoxos/redox-scheme/src/wrappers.rs:5:5
  |
5 | use libredox::error::Error as LError;
  |     ^^^^^^^^^^^^^^^^^^^^^^^^^^^^^^^^
  |
  = note: `#[warn(unused_imports)]` (part of `#[warn(unused)]`) on by default

warning: `redox-scheme` (lib) generated 1 warning (run `cargo fix --lib -p redox-scheme` to apply 1 suggestion)
warning: missing documentation for a function
 --> common/src/logger.rs:3:1
  |
3 | pub fn output_level() -> log::LevelFilter {
  | ^^^^^^^^^^^^^^^^^^^^^^^^^^^^^^^^^^^^^^^^^
  |
note: the lint level is defined here
 --> common/src/lib.rs:5:9
  |
5 | #![warn(missing_docs)]
  |         ^^^^^^^^^^^^

warning: missing documentation for a function
 --> common/src/logger.rs:8:1
  |
8 | pub fn file_level() -> log::LevelFilter {
  | ^^^^^^^^^^^^^^^^^^^^^^^^^^^^^^^^^^^^^^^

warning: `common` (lib) generated 2 warnings
    Checking inteld v0.1.0 (/home/jrad/RustroverProjects/redoxos/drivers/graphics/inteld)
error[E0432]: unresolved import `redox_syscall`
 --> graphics/inteld/src/gal_backend.rs:4:5
  |
4 | use redox_syscall::{Error, Result, SchemeMut, EINVAL, ENOENT, ENOMEM};
  |     ^^^^^^^^^^^^^ use of unresolved module or unlinked crate `redox_syscall`
  |
  = help: if you wanted to use a crate named `redox_syscall`, use `cargo add redox_syscall` to add it to your `Cargo.toml`

warning: unused import: `Ordering`
 --> graphics/inteld/src/context.rs:1:36
  |
1 | use std::sync::atomic::{AtomicU64, Ordering};
  |                                    ^^^^^^^^
  |
  = note: `#[warn(unused_imports)]` (part of `#[warn(unused)]`) on by default

For more information about this error, try `rustc --explain E0432`.
warning: `inteld` (bin "inteld") generated 1 warning
error: could not compile `inteld` (bin "inteld") due to 1 previous error; 1 warning emitted
